mode: set
github.com/cbglabs/nexusgate-pbmapi/main.go:34.13,38.16 2 0
github.com/cbglabs/nexusgate-pbmapi/main.go:38.16,40.3 1 0
github.com/cbglabs/nexusgate-pbmapi/main.go:42.2,53.31 5 0
github.com/cbglabs/nexusgate-pbmapi/cmd/ginapi/main.go:19.112,21.16 2 0
github.com/cbglabs/nexusgate-pbmapi/cmd/ginapi/main.go:21.16,22.13 1 0
github.com/cbglabs/nexusgate-pbmapi/cmd/ginapi/main.go:24.2,27.16 3 0
github.com/cbglabs/nexusgate-pbmapi/cmd/ginapi/main.go:27.16,28.13 1 0
github.com/cbglabs/nexusgate-pbmapi/cmd/ginapi/main.go:30.2,32.18 2 0
github.com/cbglabs/nexusgate-pbmapi/cmd/ginapi/main.go:32.18,36.3 3 0
github.com/cbglabs/nexusgate-pbmapi/cmd/ginapi/main.go:38.2,38.45 1 0
github.com/cbglabs/nexusgate-pbmapi/cmd/ginapi/main.go:55.13,57.2 1 0
github.com/cbglabs/nexusgate-pbmapi/api/swagger/docs.go:527.13,529.2 1 0
github.com/cbglabs/nexusgate-pbmapi/internal/db/dynamodb.go:33.50,35.18 2 0
github.com/cbglabs/nexusgate-pbmapi/internal/db/dynamodb.go:35.18,37.3 1 0
github.com/cbglabs/nexusgate-pbmapi/internal/db/dynamodb.go:39.2,42.86 3 0
github.com/cbglabs/nexusgate-pbmapi/internal/db/dynamodb.go:42.86,52.3 1 0
github.com/cbglabs/nexusgate-pbmapi/internal/db/dynamodb.go:52.8,60.3 1 0
github.com/cbglabs/nexusgate-pbmapi/internal/db/dynamodb.go:62.2,62.16 1 0
github.com/cbglabs/nexusgate-pbmapi/internal/db/dynamodb.go:62.16,64.3 1 0
github.com/cbglabs/nexusgate-pbmapi/internal/db/dynamodb.go:66.2,68.8 1 0
github.com/cbglabs/nexusgate-pbmapi/internal/db/dynamodb.go:72.98,74.16 2 1
github.com/cbglabs/nexusgate-pbmapi/internal/db/dynamodb.go:74.16,76.3 1 0
github.com/cbglabs/nexusgate-pbmapi/internal/db/dynamodb.go:77.2,77.20 1 1
github.com/cbglabs/nexusgate-pbmapi/internal/db/dynamodb.go:81.98,83.16 2 1
github.com/cbglabs/nexusgate-pbmapi/internal/db/dynamodb.go:83.16,85.3 1 1
github.com/cbglabs/nexusgate-pbmapi/internal/db/dynamodb.go:86.2,86.20 1 1
github.com/cbglabs/nexusgate-pbmapi/internal/db/dynamodb.go:90.93,97.85 2 0
github.com/cbglabs/nexusgate-pbmapi/internal/db/dynamodb.go:97.85,105.3 5 0
github.com/cbglabs/nexusgate-pbmapi/internal/db/dynamodb.go:106.2,106.16 1 0
github.com/cbglabs/nexusgate-pbmapi/internal/db/dynamodb.go:106.16,108.3 1 0
github.com/cbglabs/nexusgate-pbmapi/internal/db/dynamodb.go:110.2,110.20 1 0
github.com/cbglabs/nexusgate-pbmapi/internal/db/dynamodb.go:114.107,119.16 3 0
github.com/cbglabs/nexusgate-pbmapi/internal/db/dynamodb.go:119.16,121.3 1 0
github.com/cbglabs/nexusgate-pbmapi/internal/db/dynamodb.go:122.2,122.20 1 0
github.com/cbglabs/nexusgate-pbmapi/internal/db/dynamodb.go:126.107,128.16 2 0
github.com/cbglabs/nexusgate-pbmapi/internal/db/dynamodb.go:128.16,130.3 1 0
github.com/cbglabs/nexusgate-pbmapi/internal/db/dynamodb.go:131.2,131.20 1 0
github.com/cbglabs/nexusgate-pbmapi/internal/db/dynamodb.go:135.96,137.16 2 0
github.com/cbglabs/nexusgate-pbmapi/internal/db/dynamodb.go:137.16,139.3 1 0
github.com/cbglabs/nexusgate-pbmapi/internal/db/dynamodb.go:140.2,140.20 1 0
github.com/cbglabs/nexusgate-pbmapi/internal/db/graphql.go:29.48,31.20 2 1
github.com/cbglabs/nexusgate-pbmapi/internal/db/graphql.go:31.20,33.3 1 1
github.com/cbglabs/nexusgate-pbmapi/internal/db/graphql.go:35.2,36.18 2 1
github.com/cbglabs/nexusgate-pbmapi/internal/db/graphql.go:36.18,38.3 1 1
github.com/cbglabs/nexusgate-pbmapi/internal/db/graphql.go:40.2,43.8 1 1
github.com/cbglabs/nexusgate-pbmapi/internal/db/graphql.go:47.105,49.16 2 1
github.com/cbglabs/nexusgate-pbmapi/internal/db/graphql.go:49.16,51.3 1 0
github.com/cbglabs/nexusgate-pbmapi/internal/db/graphql.go:53.2,54.16 2 1
github.com/cbglabs/nexusgate-pbmapi/internal/db/graphql.go:54.16,56.3 1 0
github.com/cbglabs/nexusgate-pbmapi/internal/db/graphql.go:58.2,62.16 4 1
github.com/cbglabs/nexusgate-pbmapi/internal/db/graphql.go:62.16,64.3 1 0
github.com/cbglabs/nexusgate-pbmapi/internal/db/graphql.go:65.2,70.76 4 1
github.com/cbglabs/nexusgate-pbmapi/internal/db/graphql.go:70.76,72.3 1 0
github.com/cbglabs/nexusgate-pbmapi/internal/db/graphql.go:74.2,74.33 1 1
github.com/cbglabs/nexusgate-pbmapi/internal/db/graphql.go:74.33,76.3 1 0
github.com/cbglabs/nexusgate-pbmapi/internal/db/graphql.go:78.2,78.12 1 1
github.com/cbglabs/nexusgate-pbmapi/internal/helper/error.go:3.28,4.16 1 1
github.com/cbglabs/nexusgate-pbmapi/internal/helper/error.go:4.16,5.13 1 1
github.com/cbglabs/nexusgate-pbmapi/internal/handler/guiltyspark_api/member_handler.go:28.68,32.2 1 1
github.com/cbglabs/nexusgate-pbmapi/internal/handler/guiltyspark_api/member_handler.go:35.53,37.53 2 1
github.com/cbglabs/nexusgate-pbmapi/internal/handler/guiltyspark_api/member_handler.go:37.53,43.3 2 0
github.com/cbglabs/nexusgate-pbmapi/internal/handler/guiltyspark_api/member_handler.go:45.2,46.16 2 1
github.com/cbglabs/nexusgate-pbmapi/internal/handler/guiltyspark_api/member_handler.go:46.16,52.3 2 1
github.com/cbglabs/nexusgate-pbmapi/internal/handler/guiltyspark_api/member_handler.go:55.2,58.4 1 1
github.com/cbglabs/nexusgate-pbmapi/internal/handler/guiltyspark_api/member_handler.go:62.58,64.53 2 1
github.com/cbglabs/nexusgate-pbmapi/internal/handler/guiltyspark_api/member_handler.go:64.53,70.3 2 1
github.com/cbglabs/nexusgate-pbmapi/internal/handler/guiltyspark_api/member_handler.go:72.2,73.16 2 1
github.com/cbglabs/nexusgate-pbmapi/internal/handler/guiltyspark_api/member_handler.go:73.16,79.3 2 1
github.com/cbglabs/nexusgate-pbmapi/internal/handler/guiltyspark_api/member_handler.go:82.2,85.4 1 1
github.com/cbglabs/nexusgate-pbmapi/internal/middleware/auth.go:25.39,29.30 3 1
github.com/cbglabs/nexusgate-pbmapi/internal/middleware/auth.go:29.30,31.18 2 1
github.com/cbglabs/nexusgate-pbmapi/internal/middleware/auth.go:31.18,35.4 3 1
github.com/cbglabs/nexusgate-pbmapi/internal/middleware/auth.go:37.3,37.72 1 1
github.com/cbglabs/nexusgate-pbmapi/internal/middleware/auth.go:37.72,39.55 1 1
github.com/cbglabs/nexusgate-pbmapi/internal/middleware/auth.go:39.55,41.5 1 0
github.com/cbglabs/nexusgate-pbmapi/internal/middleware/auth.go:42.4,42.47 1 1
github.com/cbglabs/nexusgate-pbmapi/internal/middleware/auth.go:45.3,45.64 1 1
github.com/cbglabs/nexusgate-pbmapi/internal/middleware/auth.go:45.64,48.21 3 1
github.com/cbglabs/nexusgate-pbmapi/internal/middleware/auth.go:48.21,51.5 2 1
github.com/cbglabs/nexusgate-pbmapi/internal/middleware/auth.go:52.9,54.4 1 1
github.com/cbglabs/nexusgate-pbmapi/internal/middleware/auth.go:56.3,56.31 1 1
github.com/cbglabs/nexusgate-pbmapi/internal/middleware/auth.go:56.31,60.4 3 1
github.com/cbglabs/nexusgate-pbmapi/internal/middleware/auth.go:62.3,62.11 1 0
github.com/cbglabs/nexusgate-pbmapi/internal/middleware/auth.go:67.45,68.30 1 1
github.com/cbglabs/nexusgate-pbmapi/internal/middleware/auth.go:68.30,70.60 2 1
github.com/cbglabs/nexusgate-pbmapi/internal/middleware/auth.go:70.60,74.4 3 1
github.com/cbglabs/nexusgate-pbmapi/internal/middleware/auth.go:76.3,80.39 3 1
github.com/cbglabs/nexusgate-pbmapi/internal/middleware/auth.go:80.39,81.23 1 1
github.com/cbglabs/nexusgate-pbmapi/internal/middleware/auth.go:81.23,83.10 2 1
github.com/cbglabs/nexusgate-pbmapi/internal/middleware/auth.go:87.3,87.15 1 1
github.com/cbglabs/nexusgate-pbmapi/internal/middleware/auth.go:87.15,91.4 3 1
github.com/cbglabs/nexusgate-pbmapi/internal/middleware/auth.go:93.3,93.11 1 1
github.com/cbglabs/nexusgate-pbmapi/internal/middleware/logger.go:11.31,12.30 1 1
github.com/cbglabs/nexusgate-pbmapi/internal/middleware/logger.go:12.30,25.3 3 1
github.com/cbglabs/nexusgate-pbmapi/internal/service/portal_api/auth_service.go:26.57,32.2 1 0
github.com/cbglabs/nexusgate-pbmapi/internal/service/portal_api/auth_service.go:34.63,37.26 2 0
github.com/cbglabs/nexusgate-pbmapi/internal/service/portal_api/auth_service.go:37.26,39.3 1 0
github.com/cbglabs/nexusgate-pbmapi/internal/service/portal_api/auth_service.go:40.2,58.46 5 0
github.com/cbglabs/nexusgate-pbmapi/internal/service/portal_api/auth_service.go:58.46,61.17 2 0
github.com/cbglabs/nexusgate-pbmapi/internal/service/portal_api/auth_service.go:61.17,63.4 1 0
github.com/cbglabs/nexusgate-pbmapi/internal/service/portal_api/auth_service.go:65.3,65.24 1 0
github.com/cbglabs/nexusgate-pbmapi/internal/service/portal_api/auth_service.go:65.24,68.4 2 0
github.com/cbglabs/nexusgate-pbmapi/internal/service/portal_api/auth_service.go:70.2,70.112 1 0
github.com/cbglabs/nexusgate-pbmapi/internal/service/portal_api/auth_service.go:70.112,73.3 2 0
github.com/cbglabs/nexusgate-pbmapi/internal/service/portal_api/auth_service.go:74.2,77.20 3 0
github.com/cbglabs/nexusgate-pbmapi/internal/service/portal_api/auth_service.go:77.20,79.3 1 0
github.com/cbglabs/nexusgate-pbmapi/internal/service/portal_api/auth_service.go:79.8,81.3 1 0
github.com/cbglabs/nexusgate-pbmapi/internal/service/portal_api/auth_service.go:82.2,90.60 3 0
github.com/cbglabs/nexusgate-pbmapi/internal/service/portal_api/auth_service.go:93.63,95.26 2 0
github.com/cbglabs/nexusgate-pbmapi/internal/service/portal_api/auth_service.go:95.26,97.3 1 0
github.com/cbglabs/nexusgate-pbmapi/internal/service/portal_api/auth_service.go:99.2,101.16 3 0
github.com/cbglabs/nexusgate-pbmapi/internal/service/portal_api/auth_service.go:101.16,103.3 1 0
github.com/cbglabs/nexusgate-pbmapi/internal/service/portal_api/auth_service.go:106.2,117.16 3 0
github.com/cbglabs/nexusgate-pbmapi/internal/service/portal_api/auth_service.go:117.16,119.3 1 0
github.com/cbglabs/nexusgate-pbmapi/internal/service/portal_api/auth_service.go:122.2,130.16 4 0
github.com/cbglabs/nexusgate-pbmapi/internal/service/portal_api/auth_service.go:130.16,132.3 1 0
github.com/cbglabs/nexusgate-pbmapi/internal/service/portal_api/auth_service.go:133.2,133.11 1 0
github.com/cbglabs/nexusgate-pbmapi/internal/service/portal_api/user_service.go:42.61,46.2 1 1
github.com/cbglabs/nexusgate-pbmapi/internal/service/portal_api/user_service.go:48.106,50.16 2 0
github.com/cbglabs/nexusgate-pbmapi/internal/service/portal_api/user_service.go:50.16,52.3 1 0
github.com/cbglabs/nexusgate-pbmapi/internal/service/portal_api/user_service.go:54.2,63.16 4 0
github.com/cbglabs/nexusgate-pbmapi/internal/service/portal_api/user_service.go:63.16,65.3 1 0
github.com/cbglabs/nexusgate-pbmapi/internal/service/portal_api/user_service.go:67.2,72.52 2 0
github.com/cbglabs/nexusgate-pbmapi/internal/service/portal_api/user_service.go:72.52,74.3 1 0
github.com/cbglabs/nexusgate-pbmapi/internal/service/portal_api/user_service.go:77.2,78.16 2 0
github.com/cbglabs/nexusgate-pbmapi/internal/service/portal_api/user_service.go:78.16,80.3 1 0
github.com/cbglabs/nexusgate-pbmapi/internal/service/portal_api/user_service.go:82.2,82.18 1 0
github.com/cbglabs/nexusgate-pbmapi/internal/service/portal_api/user_service.go:85.78,95.16 3 1
github.com/cbglabs/nexusgate-pbmapi/internal/service/portal_api/user_service.go:95.16,97.3 1 1
github.com/cbglabs/nexusgate-pbmapi/internal/service/portal_api/user_service.go:99.2,99.24 1 0
github.com/cbglabs/nexusgate-pbmapi/internal/service/portal_api/user_service.go:99.24,101.3 1 0
github.com/cbglabs/nexusgate-pbmapi/internal/service/portal_api/user_service.go:103.2,104.75 2 0
github.com/cbglabs/nexusgate-pbmapi/internal/service/portal_api/user_service.go:104.75,106.3 1 0
github.com/cbglabs/nexusgate-pbmapi/internal/service/portal_api/user_service.go:108.2,108.18 1 0
github.com/cbglabs/nexusgate-pbmapi/internal/service/portal_api/user_service.go:111.125,113.16 2 0
github.com/cbglabs/nexusgate-pbmapi/internal/service/portal_api/user_service.go:113.16,115.3 1 0
github.com/cbglabs/nexusgate-pbmapi/internal/service/portal_api/user_service.go:117.2,118.83 2 0
github.com/cbglabs/nexusgate-pbmapi/internal/service/portal_api/user_service.go:118.83,120.3 1 0
github.com/cbglabs/nexusgate-pbmapi/internal/service/portal_api/user_service.go:122.2,126.16 4 0
github.com/cbglabs/nexusgate-pbmapi/internal/service/portal_api/user_service.go:126.16,128.3 1 0
github.com/cbglabs/nexusgate-pbmapi/internal/service/portal_api/user_service.go:130.2,144.16 3 0
github.com/cbglabs/nexusgate-pbmapi/internal/service/portal_api/user_service.go:144.16,146.3 1 0
github.com/cbglabs/nexusgate-pbmapi/internal/service/portal_api/user_service.go:148.2,150.16 3 0
github.com/cbglabs/nexusgate-pbmapi/internal/service/portal_api/user_service.go:150.16,152.3 1 0
github.com/cbglabs/nexusgate-pbmapi/internal/service/portal_api/user_service.go:154.2,154.25 1 0
github.com/cbglabs/nexusgate-pbmapi/internal/service/portal_api/user_service.go:157.80,168.16 3 0
github.com/cbglabs/nexusgate-pbmapi/internal/service/portal_api/user_service.go:168.16,170.3 1 0
github.com/cbglabs/nexusgate-pbmapi/internal/service/portal_api/user_service.go:172.2,172.30 1 0
github.com/cbglabs/nexusgate-pbmapi/internal/service/portal_api/user_service.go:172.30,174.3 1 0
github.com/cbglabs/nexusgate-pbmapi/internal/service/portal_api/user_service.go:176.2,177.81 2 0
github.com/cbglabs/nexusgate-pbmapi/internal/service/portal_api/user_service.go:177.81,179.3 1 0
github.com/cbglabs/nexusgate-pbmapi/internal/service/portal_api/user_service.go:181.2,181.18 1 0
github.com/cbglabs/nexusgate-pbmapi/internal/service/portal_api/user_service.go:184.70,188.16 2 0
github.com/cbglabs/nexusgate-pbmapi/internal/service/portal_api/user_service.go:188.16,190.3 1 0
github.com/cbglabs/nexusgate-pbmapi/internal/service/portal_api/user_service.go:192.2,194.16 3 0
github.com/cbglabs/nexusgate-pbmapi/internal/service/portal_api/user_service.go:194.16,196.3 1 0
github.com/cbglabs/nexusgate-pbmapi/internal/service/portal_api/user_service.go:198.2,198.19 1 0
github.com/cbglabs/nexusgate-pbmapi/internal/service/portal_api/auth_service.go:26.57,32.2 1 0
github.com/cbglabs/nexusgate-pbmapi/internal/service/portal_api/auth_service.go:34.63,37.26 2 0
github.com/cbglabs/nexusgate-pbmapi/internal/service/portal_api/auth_service.go:37.26,39.3 1 0
github.com/cbglabs/nexusgate-pbmapi/internal/service/portal_api/auth_service.go:40.2,58.46 5 0
github.com/cbglabs/nexusgate-pbmapi/internal/service/portal_api/auth_service.go:58.46,61.17 2 0
github.com/cbglabs/nexusgate-pbmapi/internal/service/portal_api/auth_service.go:61.17,63.4 1 0
github.com/cbglabs/nexusgate-pbmapi/internal/service/portal_api/auth_service.go:65.3,65.24 1 0
github.com/cbglabs/nexusgate-pbmapi/internal/service/portal_api/auth_service.go:65.24,68.4 2 0
github.com/cbglabs/nexusgate-pbmapi/internal/service/portal_api/auth_service.go:70.2,70.112 1 0
github.com/cbglabs/nexusgate-pbmapi/internal/service/portal_api/auth_service.go:70.112,73.3 2 0
github.com/cbglabs/nexusgate-pbmapi/internal/service/portal_api/auth_service.go:74.2,77.20 3 0
github.com/cbglabs/nexusgate-pbmapi/internal/service/portal_api/auth_service.go:77.20,79.3 1 0
github.com/cbglabs/nexusgate-pbmapi/internal/service/portal_api/auth_service.go:79.8,81.3 1 0
github.com/cbglabs/nexusgate-pbmapi/internal/service/portal_api/auth_service.go:82.2,90.60 3 0
github.com/cbglabs/nexusgate-pbmapi/internal/service/portal_api/auth_service.go:93.63,95.26 2 0
github.com/cbglabs/nexusgate-pbmapi/internal/service/portal_api/auth_service.go:95.26,97.3 1 0
github.com/cbglabs/nexusgate-pbmapi/internal/service/portal_api/auth_service.go:99.2,101.16 3 0
github.com/cbglabs/nexusgate-pbmapi/internal/service/portal_api/auth_service.go:101.16,103.3 1 0
github.com/cbglabs/nexusgate-pbmapi/internal/service/portal_api/auth_service.go:106.2,117.16 3 0
github.com/cbglabs/nexusgate-pbmapi/internal/service/portal_api/auth_service.go:117.16,119.3 1 0
github.com/cbglabs/nexusgate-pbmapi/internal/service/portal_api/auth_service.go:122.2,130.16 4 0
github.com/cbglabs/nexusgate-pbmapi/internal/service/portal_api/auth_service.go:130.16,132.3 1 0
github.com/cbglabs/nexusgate-pbmapi/internal/service/portal_api/auth_service.go:133.2,133.11 1 0
github.com/cbglabs/nexusgate-pbmapi/internal/service/portal_api/user_service.go:42.61,46.2 1 0
github.com/cbglabs/nexusgate-pbmapi/internal/service/portal_api/user_service.go:48.106,50.16 2 0
github.com/cbglabs/nexusgate-pbmapi/internal/service/portal_api/user_service.go:50.16,52.3 1 0
github.com/cbglabs/nexusgate-pbmapi/internal/service/portal_api/user_service.go:54.2,63.16 4 0
github.com/cbglabs/nexusgate-pbmapi/internal/service/portal_api/user_service.go:63.16,65.3 1 0
github.com/cbglabs/nexusgate-pbmapi/internal/service/portal_api/user_service.go:67.2,72.52 2 0
github.com/cbglabs/nexusgate-pbmapi/internal/service/portal_api/user_service.go:72.52,74.3 1 0
github.com/cbglabs/nexusgate-pbmapi/internal/service/portal_api/user_service.go:77.2,78.16 2 0
github.com/cbglabs/nexusgate-pbmapi/internal/service/portal_api/user_service.go:78.16,80.3 1 0
github.com/cbglabs/nexusgate-pbmapi/internal/service/portal_api/user_service.go:82.2,82.18 1 0
github.com/cbglabs/nexusgate-pbmapi/internal/service/portal_api/user_service.go:85.78,95.16 3 0
github.com/cbglabs/nexusgate-pbmapi/internal/service/portal_api/user_service.go:95.16,97.3 1 0
github.com/cbglabs/nexusgate-pbmapi/internal/service/portal_api/user_service.go:99.2,99.24 1 0
github.com/cbglabs/nexusgate-pbmapi/internal/service/portal_api/user_service.go:99.24,101.3 1 0
github.com/cbglabs/nexusgate-pbmapi/internal/service/portal_api/user_service.go:103.2,104.75 2 0
github.com/cbglabs/nexusgate-pbmapi/internal/service/portal_api/user_service.go:104.75,106.3 1 0
github.com/cbglabs/nexusgate-pbmapi/internal/service/portal_api/user_service.go:108.2,108.18 1 0
github.com/cbglabs/nexusgate-pbmapi/internal/service/portal_api/user_service.go:111.125,113.16 2 0
github.com/cbglabs/nexusgate-pbmapi/internal/service/portal_api/user_service.go:113.16,115.3 1 0
github.com/cbglabs/nexusgate-pbmapi/internal/service/portal_api/user_service.go:117.2,118.83 2 0
github.com/cbglabs/nexusgate-pbmapi/internal/service/portal_api/user_service.go:118.83,120.3 1 0
github.com/cbglabs/nexusgate-pbmapi/internal/service/portal_api/user_service.go:122.2,126.16 4 0
github.com/cbglabs/nexusgate-pbmapi/internal/service/portal_api/user_service.go:126.16,128.3 1 0
github.com/cbglabs/nexusgate-pbmapi/internal/service/portal_api/user_service.go:130.2,144.16 3 0
github.com/cbglabs/nexusgate-pbmapi/internal/service/portal_api/user_service.go:144.16,146.3 1 0
github.com/cbglabs/nexusgate-pbmapi/internal/service/portal_api/user_service.go:148.2,150.16 3 0
github.com/cbglabs/nexusgate-pbmapi/internal/service/portal_api/user_service.go:150.16,152.3 1 0
github.com/cbglabs/nexusgate-pbmapi/internal/service/portal_api/user_service.go:154.2,154.25 1 0
github.com/cbglabs/nexusgate-pbmapi/internal/service/portal_api/user_service.go:157.80,168.16 3 0
github.com/cbglabs/nexusgate-pbmapi/internal/service/portal_api/user_service.go:168.16,170.3 1 0
github.com/cbglabs/nexusgate-pbmapi/internal/service/portal_api/user_service.go:172.2,172.30 1 0
github.com/cbglabs/nexusgate-pbmapi/internal/service/portal_api/user_service.go:172.30,174.3 1 0
github.com/cbglabs/nexusgate-pbmapi/internal/service/portal_api/user_service.go:176.2,177.81 2 0
github.com/cbglabs/nexusgate-pbmapi/internal/service/portal_api/user_service.go:177.81,179.3 1 0
github.com/cbglabs/nexusgate-pbmapi/internal/service/portal_api/user_service.go:181.2,181.18 1 0
github.com/cbglabs/nexusgate-pbmapi/internal/service/portal_api/user_service.go:184.70,188.16 2 0
github.com/cbglabs/nexusgate-pbmapi/internal/service/portal_api/user_service.go:188.16,190.3 1 0
github.com/cbglabs/nexusgate-pbmapi/internal/service/portal_api/user_service.go:192.2,194.16 3 0
github.com/cbglabs/nexusgate-pbmapi/internal/service/portal_api/user_service.go:194.16,196.3 1 0
github.com/cbglabs/nexusgate-pbmapi/internal/service/portal_api/user_service.go:198.2,198.19 1 0
github.com/cbglabs/nexusgate-pbmapi/api/swagger/docs.go:527.13,529.2 1 1
github.com/cbglabs/nexusgate-pbmapi/internal/router/router.go:14.32,19.44 2 1
github.com/cbglabs/nexusgate-pbmapi/internal/router/router.go:19.44,21.3 1 1
github.com/cbglabs/nexusgate-pbmapi/internal/router/router.go:24.2,46.15 13 1
github.com/cbglabs/nexusgate-pbmapi/internal/service/portal_api/auth_service.go:26.57,32.2 1 0
github.com/cbglabs/nexusgate-pbmapi/internal/service/portal_api/auth_service.go:34.63,37.26 2 0
github.com/cbglabs/nexusgate-pbmapi/internal/service/portal_api/auth_service.go:37.26,39.3 1 0
github.com/cbglabs/nexusgate-pbmapi/internal/service/portal_api/auth_service.go:40.2,58.46 5 0
github.com/cbglabs/nexusgate-pbmapi/internal/service/portal_api/auth_service.go:58.46,61.17 2 0
github.com/cbglabs/nexusgate-pbmapi/internal/service/portal_api/auth_service.go:61.17,63.4 1 0
github.com/cbglabs/nexusgate-pbmapi/internal/service/portal_api/auth_service.go:65.3,65.24 1 0
github.com/cbglabs/nexusgate-pbmapi/internal/service/portal_api/auth_service.go:65.24,68.4 2 0
github.com/cbglabs/nexusgate-pbmapi/internal/service/portal_api/auth_service.go:70.2,70.112 1 0
github.com/cbglabs/nexusgate-pbmapi/internal/service/portal_api/auth_service.go:70.112,73.3 2 0
github.com/cbglabs/nexusgate-pbmapi/internal/service/portal_api/auth_service.go:74.2,77.20 3 0
github.com/cbglabs/nexusgate-pbmapi/internal/service/portal_api/auth_service.go:77.20,79.3 1 0
github.com/cbglabs/nexusgate-pbmapi/internal/service/portal_api/auth_service.go:79.8,81.3 1 0
github.com/cbglabs/nexusgate-pbmapi/internal/service/portal_api/auth_service.go:82.2,90.60 3 0
github.com/cbglabs/nexusgate-pbmapi/internal/service/portal_api/auth_service.go:93.63,95.26 2 0
github.com/cbglabs/nexusgate-pbmapi/internal/service/portal_api/auth_service.go:95.26,97.3 1 0
github.com/cbglabs/nexusgate-pbmapi/internal/service/portal_api/auth_service.go:99.2,101.16 3 0
github.com/cbglabs/nexusgate-pbmapi/internal/service/portal_api/auth_service.go:101.16,103.3 1 0
github.com/cbglabs/nexusgate-pbmapi/internal/service/portal_api/auth_service.go:106.2,117.16 3 0
github.com/cbglabs/nexusgate-pbmapi/internal/service/portal_api/auth_service.go:117.16,119.3 1 0
github.com/cbglabs/nexusgate-pbmapi/internal/service/portal_api/auth_service.go:122.2,130.16 4 0
github.com/cbglabs/nexusgate-pbmapi/internal/service/portal_api/auth_service.go:130.16,132.3 1 0
github.com/cbglabs/nexusgate-pbmapi/internal/service/portal_api/auth_service.go:133.2,133.11 1 0
github.com/cbglabs/nexusgate-pbmapi/internal/service/portal_api/user_service.go:42.61,46.2 1 1
github.com/cbglabs/nexusgate-pbmapi/internal/service/portal_api/user_service.go:48.106,50.16 2 0
github.com/cbglabs/nexusgate-pbmapi/internal/service/portal_api/user_service.go:50.16,52.3 1 0
github.com/cbglabs/nexusgate-pbmapi/internal/service/portal_api/user_service.go:54.2,63.16 4 0
github.com/cbglabs/nexusgate-pbmapi/internal/service/portal_api/user_service.go:63.16,65.3 1 0
github.com/cbglabs/nexusgate-pbmapi/internal/service/portal_api/user_service.go:67.2,72.52 2 0
github.com/cbglabs/nexusgate-pbmapi/internal/service/portal_api/user_service.go:72.52,74.3 1 0
github.com/cbglabs/nexusgate-pbmapi/internal/service/portal_api/user_service.go:77.2,78.16 2 0
github.com/cbglabs/nexusgate-pbmapi/internal/service/portal_api/user_service.go:78.16,80.3 1 0
github.com/cbglabs/nexusgate-pbmapi/internal/service/portal_api/user_service.go:82.2,82.18 1 0
github.com/cbglabs/nexusgate-pbmapi/internal/service/portal_api/user_service.go:85.78,95.16 3 0
github.com/cbglabs/nexusgate-pbmapi/internal/service/portal_api/user_service.go:95.16,97.3 1 0
github.com/cbglabs/nexusgate-pbmapi/internal/service/portal_api/user_service.go:99.2,99.24 1 0
github.com/cbglabs/nexusgate-pbmapi/internal/service/portal_api/user_service.go:99.24,101.3 1 0
github.com/cbglabs/nexusgate-pbmapi/internal/service/portal_api/user_service.go:103.2,104.75 2 0
github.com/cbglabs/nexusgate-pbmapi/internal/service/portal_api/user_service.go:104.75,106.3 1 0
github.com/cbglabs/nexusgate-pbmapi/internal/service/portal_api/user_service.go:108.2,108.18 1 0
github.com/cbglabs/nexusgate-pbmapi/internal/service/portal_api/user_service.go:111.125,113.16 2 0
github.com/cbglabs/nexusgate-pbmapi/internal/service/portal_api/user_service.go:113.16,115.3 1 0
github.com/cbglabs/nexusgate-pbmapi/internal/service/portal_api/user_service.go:117.2,118.83 2 0
github.com/cbglabs/nexusgate-pbmapi/internal/service/portal_api/user_service.go:118.83,120.3 1 0
github.com/cbglabs/nexusgate-pbmapi/internal/service/portal_api/user_service.go:122.2,126.16 4 0
github.com/cbglabs/nexusgate-pbmapi/internal/service/portal_api/user_service.go:126.16,128.3 1 0
github.com/cbglabs/nexusgate-pbmapi/internal/service/portal_api/user_service.go:130.2,144.16 3 0
github.com/cbglabs/nexusgate-pbmapi/internal/service/portal_api/user_service.go:144.16,146.3 1 0
github.com/cbglabs/nexusgate-pbmapi/internal/service/portal_api/user_service.go:148.2,150.16 3 0
github.com/cbglabs/nexusgate-pbmapi/internal/service/portal_api/user_service.go:150.16,152.3 1 0
github.com/cbglabs/nexusgate-pbmapi/internal/service/portal_api/user_service.go:154.2,154.25 1 0
github.com/cbglabs/nexusgate-pbmapi/internal/service/portal_api/user_service.go:157.80,168.16 3 0
github.com/cbglabs/nexusgate-pbmapi/internal/service/portal_api/user_service.go:168.16,170.3 1 0
github.com/cbglabs/nexusgate-pbmapi/internal/service/portal_api/user_service.go:172.2,172.30 1 0
github.com/cbglabs/nexusgate-pbmapi/internal/service/portal_api/user_service.go:172.30,174.3 1 0
github.com/cbglabs/nexusgate-pbmapi/internal/service/portal_api/user_service.go:176.2,177.81 2 0
github.com/cbglabs/nexusgate-pbmapi/internal/service/portal_api/user_service.go:177.81,179.3 1 0
github.com/cbglabs/nexusgate-pbmapi/internal/service/portal_api/user_service.go:181.2,181.18 1 0
github.com/cbglabs/nexusgate-pbmapi/internal/service/portal_api/user_service.go:184.70,188.16 2 0
github.com/cbglabs/nexusgate-pbmapi/internal/service/portal_api/user_service.go:188.16,190.3 1 0
github.com/cbglabs/nexusgate-pbmapi/internal/service/portal_api/user_service.go:192.2,194.16 3 0
github.com/cbglabs/nexusgate-pbmapi/internal/service/portal_api/user_service.go:194.16,196.3 1 0
github.com/cbglabs/nexusgate-pbmapi/internal/service/portal_api/user_service.go:198.2,198.19 1 0
github.com/cbglabs/nexusgate-pbmapi/internal/router/guiltyspark_api/member_routes.go:13.101,41.2 8 1
github.com/cbglabs/nexusgate-pbmapi/internal/router/portal_api/auth_routes.go:10.67,24.2 4 1
github.com/cbglabs/nexusgate-pbmapi/internal/router/portal_api/auth_routes.go:27.69,37.2 3 1
github.com/cbglabs/nexusgate-pbmapi/internal/router/portal_api/health_routes.go:13.34,17.2 1 1
github.com/cbglabs/nexusgate-pbmapi/internal/router/portal_api/health_routes.go:20.69,30.2 3 1
github.com/cbglabs/nexusgate-pbmapi/internal/router/portal_api/user_routes.go:13.99,43.2 10 1
github.com/cbglabs/nexusgate-pbmapi/internal/service/portal_api/auth_service.go:26.57,32.2 1 1
github.com/cbglabs/nexusgate-pbmapi/internal/service/portal_api/auth_service.go:34.63,37.26 2 0
github.com/cbglabs/nexusgate-pbmapi/internal/service/portal_api/auth_service.go:37.26,39.3 1 0
github.com/cbglabs/nexusgate-pbmapi/internal/service/portal_api/auth_service.go:40.2,58.46 5 0
github.com/cbglabs/nexusgate-pbmapi/internal/service/portal_api/auth_service.go:58.46,61.17 2 0
github.com/cbglabs/nexusgate-pbmapi/internal/service/portal_api/auth_service.go:61.17,63.4 1 0
github.com/cbglabs/nexusgate-pbmapi/internal/service/portal_api/auth_service.go:65.3,65.24 1 0
github.com/cbglabs/nexusgate-pbmapi/internal/service/portal_api/auth_service.go:65.24,68.4 2 0
github.com/cbglabs/nexusgate-pbmapi/internal/service/portal_api/auth_service.go:70.2,70.112 1 0
github.com/cbglabs/nexusgate-pbmapi/internal/service/portal_api/auth_service.go:70.112,73.3 2 0
github.com/cbglabs/nexusgate-pbmapi/internal/service/portal_api/auth_service.go:74.2,77.20 3 0
github.com/cbglabs/nexusgate-pbmapi/internal/service/portal_api/auth_service.go:77.20,79.3 1 0
github.com/cbglabs/nexusgate-pbmapi/internal/service/portal_api/auth_service.go:79.8,81.3 1 0
github.com/cbglabs/nexusgate-pbmapi/internal/service/portal_api/auth_service.go:82.2,90.60 3 0
github.com/cbglabs/nexusgate-pbmapi/internal/service/portal_api/auth_service.go:93.63,95.26 2 0
github.com/cbglabs/nexusgate-pbmapi/internal/service/portal_api/auth_service.go:95.26,97.3 1 0
github.com/cbglabs/nexusgate-pbmapi/internal/service/portal_api/auth_service.go:99.2,101.16 3 0
github.com/cbglabs/nexusgate-pbmapi/internal/service/portal_api/auth_service.go:101.16,103.3 1 0
github.com/cbglabs/nexusgate-pbmapi/internal/service/portal_api/auth_service.go:106.2,117.16 3 0
github.com/cbglabs/nexusgate-pbmapi/internal/service/portal_api/auth_service.go:117.16,119.3 1 0
github.com/cbglabs/nexusgate-pbmapi/internal/service/portal_api/auth_service.go:122.2,130.16 4 0
github.com/cbglabs/nexusgate-pbmapi/internal/service/portal_api/auth_service.go:130.16,132.3 1 0
github.com/cbglabs/nexusgate-pbmapi/internal/service/portal_api/auth_service.go:133.2,133.11 1 0
github.com/cbglabs/nexusgate-pbmapi/internal/service/portal_api/user_service.go:42.61,46.2 1 1
github.com/cbglabs/nexusgate-pbmapi/internal/service/portal_api/user_service.go:48.106,50.16 2 1
github.com/cbglabs/nexusgate-pbmapi/internal/service/portal_api/user_service.go:50.16,52.3 1 0
github.com/cbglabs/nexusgate-pbmapi/internal/service/portal_api/user_service.go:54.2,63.16 4 1
github.com/cbglabs/nexusgate-pbmapi/internal/service/portal_api/user_service.go:63.16,65.3 1 0
github.com/cbglabs/nexusgate-pbmapi/internal/service/portal_api/user_service.go:67.2,72.52 2 1
github.com/cbglabs/nexusgate-pbmapi/internal/service/portal_api/user_service.go:72.52,74.3 1 1
github.com/cbglabs/nexusgate-pbmapi/internal/service/portal_api/user_service.go:77.2,78.16 2 0
github.com/cbglabs/nexusgate-pbmapi/internal/service/portal_api/user_service.go:78.16,80.3 1 0
github.com/cbglabs/nexusgate-pbmapi/internal/service/portal_api/user_service.go:82.2,82.18 1 0
github.com/cbglabs/nexusgate-pbmapi/internal/service/portal_api/user_service.go:85.78,95.16 3 0
github.com/cbglabs/nexusgate-pbmapi/internal/service/portal_api/user_service.go:95.16,97.3 1 0
github.com/cbglabs/nexusgate-pbmapi/internal/service/portal_api/user_service.go:99.2,99.24 1 0
github.com/cbglabs/nexusgate-pbmapi/internal/service/portal_api/user_service.go:99.24,101.3 1 0
github.com/cbglabs/nexusgate-pbmapi/internal/service/portal_api/user_service.go:103.2,104.75 2 0
github.com/cbglabs/nexusgate-pbmapi/internal/service/portal_api/user_service.go:104.75,106.3 1 0
github.com/cbglabs/nexusgate-pbmapi/internal/service/portal_api/user_service.go:108.2,108.18 1 0
github.com/cbglabs/nexusgate-pbmapi/internal/service/portal_api/user_service.go:111.125,113.16 2 0
github.com/cbglabs/nexusgate-pbmapi/internal/service/portal_api/user_service.go:113.16,115.3 1 0
github.com/cbglabs/nexusgate-pbmapi/internal/service/portal_api/user_service.go:117.2,118.83 2 0
github.com/cbglabs/nexusgate-pbmapi/internal/service/portal_api/user_service.go:118.83,120.3 1 0
github.com/cbglabs/nexusgate-pbmapi/internal/service/portal_api/user_service.go:122.2,126.16 4 0
github.com/cbglabs/nexusgate-pbmapi/internal/service/portal_api/user_service.go:126.16,128.3 1 0
github.com/cbglabs/nexusgate-pbmapi/internal/service/portal_api/user_service.go:130.2,144.16 3 0
github.com/cbglabs/nexusgate-pbmapi/internal/service/portal_api/user_service.go:144.16,146.3 1 0
github.com/cbglabs/nexusgate-pbmapi/internal/service/portal_api/user_service.go:148.2,150.16 3 0
github.com/cbglabs/nexusgate-pbmapi/internal/service/portal_api/user_service.go:150.16,152.3 1 0
github.com/cbglabs/nexusgate-pbmapi/internal/service/portal_api/user_service.go:154.2,154.25 1 0
github.com/cbglabs/nexusgate-pbmapi/internal/service/portal_api/user_service.go:157.80,168.16 3 0
github.com/cbglabs/nexusgate-pbmapi/internal/service/portal_api/user_service.go:168.16,170.3 1 0
github.com/cbglabs/nexusgate-pbmapi/internal/service/portal_api/user_service.go:172.2,172.30 1 0
github.com/cbglabs/nexusgate-pbmapi/internal/service/portal_api/user_service.go:172.30,174.3 1 0
github.com/cbglabs/nexusgate-pbmapi/internal/service/portal_api/user_service.go:176.2,177.81 2 0
github.com/cbglabs/nexusgate-pbmapi/internal/service/portal_api/user_service.go:177.81,179.3 1 0
github.com/cbglabs/nexusgate-pbmapi/internal/service/portal_api/user_service.go:181.2,181.18 1 0
github.com/cbglabs/nexusgate-pbmapi/internal/service/portal_api/user_service.go:184.70,188.16 2 1
github.com/cbglabs/nexusgate-pbmapi/internal/service/portal_api/user_service.go:188.16,190.3 1 1
github.com/cbglabs/nexusgate-pbmapi/internal/service/portal_api/user_service.go:192.2,194.16 3 0
github.com/cbglabs/nexusgate-pbmapi/internal/service/portal_api/user_service.go:194.16,196.3 1 0
github.com/cbglabs/nexusgate-pbmapi/internal/service/portal_api/user_service.go:198.2,198.19 1 0
github.com/cbglabs/nexusgate-pbmapi/internal/types/response/member.go:19.53,21.17 2 1
github.com/cbglabs/nexusgate-pbmapi/internal/types/response/member.go:21.17,24.3 2 1
github.com/cbglabs/nexusgate-pbmapi/internal/types/response/member.go:26.2,27.16 2 1
github.com/cbglabs/nexusgate-pbmapi/internal/types/response/member.go:27.16,30.17 2 1
github.com/cbglabs/nexusgate-pbmapi/internal/types/response/member.go:30.17,32.4 1 1
github.com/cbglabs/nexusgate-pbmapi/internal/types/response/member.go:34.2,35.12 2 1
github.com/cbglabs/nexusgate-pbmapi/internal/types/response/member.go:39.52,40.22 1 0
github.com/cbglabs/nexusgate-pbmapi/internal/types/response/member.go:40.22,42.3 1 0
github.com/cbglabs/nexusgate-pbmapi/internal/types/response/member.go:43.2,43.73 1 0
github.com/cbglabs/nexusgate-pbmapi/internal/service/guiltyspark_api/member_service.go:29.64,33.2 1 1
github.com/cbglabs/nexusgate-pbmapi/internal/service/guiltyspark_api/member_service.go:36.130,89.16 3 1
github.com/cbglabs/nexusgate-pbmapi/internal/service/guiltyspark_api/member_service.go:89.16,91.3 1 0
github.com/cbglabs/nexusgate-pbmapi/internal/service/guiltyspark_api/member_service.go:94.2,95.64 2 1
github.com/cbglabs/nexusgate-pbmapi/internal/service/guiltyspark_api/member_service.go:95.64,97.3 1 0
github.com/cbglabs/nexusgate-pbmapi/internal/service/guiltyspark_api/member_service.go:99.2,105.60 3 1
github.com/cbglabs/nexusgate-pbmapi/internal/service/guiltyspark_api/member_service.go:105.60,107.3 1 0
github.com/cbglabs/nexusgate-pbmapi/internal/service/guiltyspark_api/member_service.go:109.2,111.8 1 1
github.com/cbglabs/nexusgate-pbmapi/internal/service/guiltyspark_api/member_service.go:115.115,117.16 2 1
github.com/cbglabs/nexusgate-pbmapi/internal/service/guiltyspark_api/member_service.go:117.16,119.3 1 0
github.com/cbglabs/nexusgate-pbmapi/internal/service/guiltyspark_api/member_service.go:121.2,121.28 1 1
github.com/cbglabs/nexusgate-pbmapi/internal/service/guiltyspark_api/member_service.go:121.28,123.3 1 1
github.com/cbglabs/nexusgate-pbmapi/internal/service/guiltyspark_api/member_service.go:125.2,133.71 5 1
